// Jest Snapshot v1, https://goo.gl/fbAQLP

exports[`renders Homepage without crash 1`] = `
<div
  class="mt-4 container"
  data-testid="homepage"
>
  <div
    class="list-group list-group-flush"
  />
</div>
`;
